Archive member included to satisfy reference by file (symbol)

C:/ST/STM32CubeIDE_1.17.0/STM32CubeIDE/plugins/com.st.stm32cube.ide.mcu.externaltools.gnu-tools-for-stm32.12.3.rel1.win32_1.1.0.202410251130/tools/bin/../lib/gcc/arm-none-eabi/12.3.1/../../../../arm-none-eabi/lib/thumb/v7-m/nofp\libc_nano.a(libc_a-exit.o)
                              C:/ST/STM32CubeIDE_1.17.0/STM32CubeIDE/plugins/com.st.stm32cube.ide.mcu.externaltools.gnu-tools-for-stm32.12.3.rel1.win32_1.1.0.202410251130/tools/bin/../lib/gcc/arm-none-eabi/12.3.1/../../../../arm-none-eabi/lib/thumb/v7-m/nofp/crt0.o (exit)
C:/ST/STM32CubeIDE_1.17.0/STM32CubeIDE/plugins/com.st.stm32cube.ide.mcu.externaltools.gnu-tools-for-stm32.12.3.rel1.win32_1.1.0.202410251130/tools/bin/../lib/gcc/arm-none-eabi/12.3.1/../../../../arm-none-eabi/lib/thumb/v7-m/nofp\libc_nano.a(libc_a-findfp.o)
                              C:/ST/STM32CubeIDE_1.17.0/STM32CubeIDE/plugins/com.st.stm32cube.ide.mcu.externaltools.gnu-tools-for-stm32.12.3.rel1.win32_1.1.0.202410251130/tools/bin/../lib/gcc/arm-none-eabi/12.3.1/../../../../arm-none-eabi/lib/thumb/v7-m/nofp\libc_nano.a(libc_a-exit.o) (__stdio_exit_handler)
C:/ST/STM32CubeIDE_1.17.0/STM32CubeIDE/plugins/com.st.stm32cube.ide.mcu.externaltools.gnu-tools-for-stm32.12.3.rel1.win32_1.1.0.202410251130/tools/bin/../lib/gcc/arm-none-eabi/12.3.1/../../../../arm-none-eabi/lib/thumb/v7-m/nofp\libc_nano.a(libc_a-fwalk.o)
                              C:/ST/STM32CubeIDE_1.17.0/STM32CubeIDE/plugins/com.st.stm32cube.ide.mcu.externaltools.gnu-tools-for-stm32.12.3.rel1.win32_1.1.0.202410251130/tools/bin/../lib/gcc/arm-none-eabi/12.3.1/../../../../arm-none-eabi/lib/thumb/v7-m/nofp\libc_nano.a(libc_a-findfp.o) (_fwalk_sglue)
C:/ST/STM32CubeIDE_1.17.0/STM32CubeIDE/plugins/com.st.stm32cube.ide.mcu.externaltools.gnu-tools-for-stm32.12.3.rel1.win32_1.1.0.202410251130/tools/bin/../lib/gcc/arm-none-eabi/12.3.1/../../../../arm-none-eabi/lib/thumb/v7-m/nofp\libc_nano.a(libc_a-stdio.o)
                              C:/ST/STM32CubeIDE_1.17.0/STM32CubeIDE/plugins/com.st.stm32cube.ide.mcu.externaltools.gnu-tools-for-stm32.12.3.rel1.win32_1.1.0.202410251130/tools/bin/../lib/gcc/arm-none-eabi/12.3.1/../../../../arm-none-eabi/lib/thumb/v7-m/nofp\libc_nano.a(libc_a-findfp.o) (__sread)
C:/ST/STM32CubeIDE_1.17.0/STM32CubeIDE/plugins/com.st.stm32cube.ide.mcu.externaltools.gnu-tools-for-stm32.12.3.rel1.win32_1.1.0.202410251130/tools/bin/../lib/gcc/arm-none-eabi/12.3.1/../../../../arm-none-eabi/lib/thumb/v7-m/nofp\libc_nano.a(libc_a-memset.o)
                              C:/ST/STM32CubeIDE_1.17.0/STM32CubeIDE/plugins/com.st.stm32cube.ide.mcu.externaltools.gnu-tools-for-stm32.12.3.rel1.win32_1.1.0.202410251130/tools/bin/../lib/gcc/arm-none-eabi/12.3.1/../../../../arm-none-eabi/lib/thumb/v7-m/nofp/crt0.o (memset)
C:/ST/STM32CubeIDE_1.17.0/STM32CubeIDE/plugins/com.st.stm32cube.ide.mcu.externaltools.gnu-tools-for-stm32.12.3.rel1.win32_1.1.0.202410251130/tools/bin/../lib/gcc/arm-none-eabi/12.3.1/../../../../arm-none-eabi/lib/thumb/v7-m/nofp\libc_nano.a(libc_a-closer.o)
                              C:/ST/STM32CubeIDE_1.17.0/STM32CubeIDE/plugins/com.st.stm32cube.ide.mcu.externaltools.gnu-tools-for-stm32.12.3.rel1.win32_1.1.0.202410251130/tools/bin/../lib/gcc/arm-none-eabi/12.3.1/../../../../arm-none-eabi/lib/thumb/v7-m/nofp\libc_nano.a(libc_a-stdio.o) (_close_r)
C:/ST/STM32CubeIDE_1.17.0/STM32CubeIDE/plugins/com.st.stm32cube.ide.mcu.externaltools.gnu-tools-for-stm32.12.3.rel1.win32_1.1.0.202410251130/tools/bin/../lib/gcc/arm-none-eabi/12.3.1/../../../../arm-none-eabi/lib/thumb/v7-m/nofp\libc_nano.a(libc_a-reent.o)
                              C:/ST/STM32CubeIDE_1.17.0/STM32CubeIDE/plugins/com.st.stm32cube.ide.mcu.externaltools.gnu-tools-for-stm32.12.3.rel1.win32_1.1.0.202410251130/tools/bin/../lib/gcc/arm-none-eabi/12.3.1/../../../../arm-none-eabi/lib/thumb/v7-m/nofp\libc_nano.a(libc_a-closer.o) (errno)
C:/ST/STM32CubeIDE_1.17.0/STM32CubeIDE/plugins/com.st.stm32cube.ide.mcu.externaltools.gnu-tools-for-stm32.12.3.rel1.win32_1.1.0.202410251130/tools/bin/../lib/gcc/arm-none-eabi/12.3.1/../../../../arm-none-eabi/lib/thumb/v7-m/nofp\libc_nano.a(libc_a-impure.o)
                              C:/ST/STM32CubeIDE_1.17.0/STM32CubeIDE/plugins/com.st.stm32cube.ide.mcu.externaltools.gnu-tools-for-stm32.12.3.rel1.win32_1.1.0.202410251130/tools/bin/../lib/gcc/arm-none-eabi/12.3.1/../../../../arm-none-eabi/lib/thumb/v7-m/nofp\libc_nano.a(libc_a-reent.o) (_impure_ptr)
C:/ST/STM32CubeIDE_1.17.0/STM32CubeIDE/plugins/com.st.stm32cube.ide.mcu.externaltools.gnu-tools-for-stm32.12.3.rel1.win32_1.1.0.202410251130/tools/bin/../lib/gcc/arm-none-eabi/12.3.1/../../../../arm-none-eabi/lib/thumb/v7-m/nofp\libc_nano.a(libc_a-lseekr.o)
[...]
Memory Configuration

Name             Origin             Length             Attributes
RAM              0x20000000         0x0000c000         xrw
FLASH            0x08000000         0x00040000         xr
*default*        0x00000000         0xffffffff

Linker script and memory map

LOAD C:/ST/STM32CubeIDE_1.17.0/STM32CubeIDE/plugins/com.st.stm32cube.ide.mcu.externaltools.gnu-tools-for-stm32.12.3.rel1.win32_1.1.0.202410251130/tools/bin/../lib/gcc/arm-none-eabi/12.3.1/thumb/v7-m/nofp/crti.o
LOAD C:/ST/STM32CubeIDE_1.17.0/STM32CubeIDE/plugins/com.st.stm32cube.ide.mcu.externaltools.gnu-tools-for-stm32.12.3.rel1.win32_1.1.0.202410251130/tools/bin/../lib/gcc/arm-none-eabi/12.3.1/thumb/v7-m/nofp/crtbegin.o
LOAD C:/ST/STM32CubeIDE_1.17.0/STM32CubeIDE/plugins/com.st.stm32cube.ide.mcu.externaltools.gnu-tools-for-stm32.12.3.rel1.win32_1.1.0.202410251130/tools/bin/../lib/gcc/arm-none-eabi/12.3.1/../../../../arm-none-eabi/lib/thumb/v7-m/nofp/crt0.o
LOAD ./Core/Src/gpio.o
LOAD ./Core/Src/main.o
LOAD ./Core/Src/software_timer.o
LOAD ./Core/Src/spi.o
LOAD ./Core/Src/stm32f1xx_hal_msp.o
LOAD ./Core/Src/stm32f1xx_it.o
LOAD ./Core/Src/syscalls.o
LOAD ./Core/Src/sysmem.o
LOAD ./Core/Src/system_stm32f1xx.o
LOAD ./Core/Src/tim.o
LOAD ./Core/Startup/startup_stm32f103rctx.o
LOAD ./Drivers/STM32F1xx_HAL_Driver/Src/stm32f1xx_hal.o
LOAD ./Drivers/STM32F1xx_HAL_Driver/Src/stm32f1xx_hal_cortex.o
LOAD ./Drivers/STM32F1xx_HAL_Driver/Src/stm32f1xx_hal_dma.o
LOAD ./Drivers/STM32F1xx_HAL_Driver/Src/stm32f1xx_hal_exti.o
LOAD ./Drivers/STM32F1xx_HAL_Driver/Src/stm32f1xx_hal_flash.o
LOAD ./Drivers/STM32F1xx_HAL_Driver/Src/stm32f1xx_hal_flash_ex.o
LOAD ./Drivers/STM32F1xx_HAL_Driver/Src/stm32f1xx_hal_gpio.o
LOAD ./Drivers/STM32F1xx_HAL_Driver/Src/stm32f1xx_hal_gpio_ex.o
LOAD ./Drivers/STM32F1xx_HAL_Driver/Src/stm32f1xx_hal_pwr.o
LOAD ./Drivers/STM32F1xx_HAL_Driver/Src/stm32f1xx_hal_rcc.o
LOAD ./Drivers/STM32F1xx_HAL_Driver/Src/stm32f1xx_hal_rcc_ex.o
LOAD ./Drivers/STM32F1xx_HAL_Driver/Src/stm32f1xx_hal_spi.o
LOAD ./Drivers/STM32F1xx_HAL_Driver/Src/stm32f1xx_hal_tim.o
LOAD ./Drivers/STM32F1xx_HAL_Driver/Src/stm32f1xx_hal_tim_ex.o
START GROUP
LOAD C:/ST/STM32CubeIDE_1.17.0/STM32CubeIDE/plugins/com.st.stm32cube.ide.mcu.externaltools.gnu-tools-for-stm32.12.3.rel1.win32_1.1.0.202410251130/tools/bin/../lib/gcc/arm-none-eabi/12.3.1/../../../../arm-none-eabi/lib/thumb/v7-m/nofp\libc_nano.a
LOAD C:/ST/STM32CubeIDE_1.17.0/STM32CubeIDE/plugins/com.st.stm32cube.ide.mcu.externaltools.gnu-tools-for-stm32.12.3.rel1.win32_1.1.0.202410251130/tools/bin/../lib/gcc/arm-none-eabi/12.3.1/../../../../arm-none-eabi/lib/thumb/v7-m/nofp\libm.a
END GROUP
START GROUP
LOAD C:/ST/STM32CubeIDE_1.17.0/STM32CubeIDE/plugins/com.st.stm32cube.ide.mcu.externaltools.gnu-tools-for-stm32.12.3.rel1.win32_1.1.0.202410251130/tools/bin/../lib/gcc/arm-none-eabi/12.3.1/thumb/v7-m/nofp\libgcc.a
LOAD C:/ST/STM32CubeIDE_1.17.0/STM32CubeIDE/plugins/com.st.stm32cube.ide.mcu.externaltools.gnu-tools-for-stm32.12.3.rel1.win32_1.1.0.202410251130/tools/bin/../lib/gcc/arm-none-eabi/12.3.1/../../../../arm-none-eabi/lib/thumb/v7-m/nofp\libc_nano.a
END GROUP
START GROUP
LOAD C:/ST/STM32CubeIDE_1.17.0/STM32CubeIDE/plugins/com.st.stm32cube.ide.mcu.externaltools.gnu-tools-for-stm32.12.3.rel1.win32_1.1.0.202410251130/tools/bin/../lib/gcc/arm-none-eabi/12.3.1/thumb/v7-m/nofp\libgcc.a
LOAD C:/ST/STM32CubeIDE_1.17.0/STM32CubeIDE/plugins/com.st.stm32cube.ide.mcu.externaltools.gnu-tools-for-stm32.12.3.rel1.win32_1.1.0.202410251130/tools/bin/../lib/gcc/arm-none-eabi/12.3.1/../../../../arm-none-eabi/lib/thumb/v7-m/nofp\libc_nano.a
LOAD C:/ST/STM32CubeIDE_1.17.0/STM32CubeIDE/plugins/com.st.stm32cube.ide.mcu.externaltools.gnu-tools-for-stm32.12.3.rel1.win32_1.1.0.202410251130/tools/bin/../lib/gcc/arm-none-eabi/12.3.1/../../../../arm-none-eabi/lib/thumb/v7-m/nofp\libnosys.a
END GROUP
START GROUP
LOAD C:/ST/STM32CubeIDE_1.17.0/STM32CubeIDE/plugins/com.st.stm32cube.ide.mcu.externaltools.gnu-tools-for-stm32.12.3.rel1.win32_1.1.0.202410251130/tools/bin/../lib/gcc/arm-none-eabi/12.3.1/thumb/v7-m/nofp\libgcc.a
LOAD C:/ST/STM32CubeIDE_1.17.0/STM32CubeIDE/plugins/com.st.stm32cube.ide.mcu.externaltools.gnu-tools-for-stm32.12.3.rel1.win32_1.1.0.202410251130/tools/bin/../lib/gcc/arm-none-eabi/12.3.1/../../../../arm-none-eabi/lib/thumb/v7-m/nofp\libc_nano.a
LOAD C:/ST/STM32CubeIDE_1.17.0/STM32CubeIDE/plugins/com.st.stm32cube.ide.mcu.externaltools.gnu-tools-for-stm32.12.3.rel1.win32_1.1.0.202410251130/tools/bin/../lib/gcc/arm-none-eabi/12.3.1/../../../../arm-none-eabi/lib/thumb/v7-m/nofp\libnosys.a
END GROUP
LOAD C:/ST/STM32CubeIDE_1.17.0/STM32CubeIDE/plugins/com.st.stm32cube.ide.mcu.externaltools.gnu-tools-for-stm32.12.3.rel1.win32_1.1.0.202410251130/tools/bin/../lib/gcc/arm-none-eabi/12.3.1/thumb/v7-m/nofp/crtend.o
LOAD C:/ST/STM32CubeIDE_1.17.0/STM32CubeIDE/plugins/com.st.stm32cube.ide.mcu.externaltools.gnu-tools-for-stm32.12.3.rel1.win32_1.1.0.202410251130/tools/bin/../lib/gcc/arm-none-eabi/12.3.1/thumb/v7-m/nofp/crtn.o
                0x2000c000                        _estack = (ORIGIN (RAM) + LENGTH (RAM))
                0x00000200                        _Min_Heap_Size = 0x200
                0x00000400                        _Min_Stack_Size = 0x400

.isr_vector     0x08000000      0x1e4
                0x08000000                        . = ALIGN (0x4)
 *(.isr_vector)
 .isr_vector    0x08000000      0x1e4 ./Core/Startup/startup_stm32f103rctx.o
                0x08000000                g_pfnVectors
                0x080001e4                        . = ALIGN (0x4)

.text           0x080001e4     0x2498
                0x080001e4                        . = ALIGN (0x4)
 *(.text)
 .text          0x080001e4       0x40 C:/ST/STM32CubeIDE_1.17.0/STM32CubeIDE/plugins/com.st.stm32cube.ide.mcu.externaltools.gnu-tools-for-stm32.12.3.rel1.win32_1.1.0.202410251130/tools/bin/../lib/gcc/arm-none-eabi/12.3.1/thumb/v7-m/nofp/crtbegin.o
 *(.text*)
 .text.MX_GPIO_Init
                0x08000224       0xac ./Core/Src/gpio.o
                0x08000224                MX_GPIO_Init
 .text.main     0x080002d0       0x4c ./Core/Src/main.o
                0x080002d0                main
 .text.SystemClock_Config
                0x0800031c       0x82 ./Core/Src/main.o
                0x0800031c                SystemClock_Config
 .text.Error_Handler
                0x0800039e        0xc ./Core/Src/main.o
                0x0800039e                Error_Handler
 *fill*         0x080003aa        0x2 
 .text.setTimer1
                0x080003ac       0x34 ./Core/Src/software_timer.o
                0x080003ac                setTimer1
 .text.timer1Run
                0x080003e0       0x34 ./Core/Src/software_timer.o
                0x080003e0                timer1Run
 .text.timer2Run
                0x08000414       0x34 ./Core/Src/software_timer.o
                0x08000414                timer2Run
 .text.timerInit
                0x08000448       0x14 ./Core/Src/software_timer.o
                0x08000448                timerInit
 .text.HAL_TIM_PeriodElapsedCallback
                0x0800045c       0x28 ./Core/Src/software_timer.o
                0x0800045c                HAL_TIM_PeriodElapsedCallback
 .text.MX_SPI1_Init
                0x08000484       0x6c ./Core/Src/spi.o
                0x08000484                MX_SPI1_Init
 .text.HAL_SPI_MspInit
                0x080004f0       0x94 ./Core/Src/spi.o
                0x080004f0                HAL_SPI_MspInit
 .text.HAL_MspInit
                0x08000584       0x64 ./Core/Src/stm32f1xx_hal_msp.o
                0x08000584                HAL_MspInit
 .text.NMI_Handler
                0x080005e8        0x8 ./Core/Src/stm32f1xx_it.o
                0x080005e8                NMI_Handler
 .text.HardFault_Handler
                0x080005f0        0x8 ./Core/Src/stm32f1xx_it.o
                0x080005f0                HardFault_Handler
 .text.MemManage_Handler
                0x080005f8        0x8 ./Core/Src/stm32f1xx_it.o
                0x080005f8                MemManage_Handler
 .text.BusFault_Handler
                0x08000600        0x8 ./Core/Src/stm32f1xx_it.o
                0x08000600                BusFault_Handler
 .text.UsageFault_Handler
                0x08000608        0x8 ./Core/Src/stm32f1xx_it.o
                0x08000608                UsageFault_Handler
 .text.SVC_Handler
                0x08000610        0xc ./Core/Src/stm32f1xx_it.o
                0x08000610                SVC_Handler
 .text.DebugMon_Handler
                0x0800061c        0xc ./Core/Src/stm32f1xx_it.o
                0x0800061c                DebugMon_Handler
 .text.PendSV_Handler
                0x08000628        0xc ./Core/Src/stm32f1xx_it.o
                0x08000628                PendSV_Handler
 .text.SysTick_Handler
                0x08000634        0xc ./Core/Src/stm32f1xx_it.o
                0x08000634                SysTick_Handler
 .text.TIM3_IRQHandler
                0x08000640       0x14 ./Core/Src/stm32f1xx_it.o
                0x08000640                TIM3_IRQHandler
 .text.SystemInit
                0x08000654        0xc ./Core/Src/system_stm32f1xx.o
                0x08000654                SystemInit
 .text.MX_TIM2_Init
                0x08000660       0xec ./Core/Src/tim.o
                0x08000660                MX_TIM2_Init
 .text.MX_TIM3_Init
                0x0800074c       0x9c ./Core/Src/tim.o
                0x0800074c                MX_TIM3_Init
 .text.HAL_TIM_Base_MspInit
                0x080007e8       0x70 ./Core/Src/tim.o
                0x080007e8                HAL_TIM_Base_MspInit
 .text.HAL_TIM_MspPostInit
                0x08000858       0x60 ./Core/Src/tim.o
                0x08000858                HAL_TIM_MspPostInit
 .text.Reset_Handler
                0x080008b8       0x48 ./Core/Startup/startup_stm32f103rctx.o
                0x080008b8                Reset_Handler
 .text.Default_Handler
                0x08000900        0x2 ./Core/Startup/startup_stm32f103rctx.o
                0x08000900                RTC_Alarm_IRQHandler
                0x08000900                EXTI2_IRQHandler
                0x08000900                TIM8_TRG_COM_IRQHandler
                0x08000900                TIM8_CC_IRQHandler
                0x08000900                TIM1_CC_IRQHandler
                0x08000900                TIM6_IRQHandler
                0x08000900                PVD_IRQHandler
                0x08000900                SDIO_IRQHandler
                0x08000900                EXTI3_IRQHandler
                0x08000900                EXTI0_IRQHandler
                0x08000900                I2C2_EV_IRQHandler
                0x08000900                ADC1_2_IRQHandler
                0x08000900                SPI1_IRQHandler
                0x08000900                TAMPER_IRQHandler
                0x08000900                TIM8_UP_IRQHandler
                0x08000900                DMA2_Channel2_IRQHandler
                0x08000900                DMA1_Channel4_IRQHandler
                0x08000900                USART3_IRQHandler
                0x08000900                RTC_IRQHandler
                0x08000900                DMA1_Channel7_IRQHandler
                0x08000900                CAN1_RX1_IRQHandler
                0x08000900                UART5_IRQHandler
                0x08000900                ADC3_IRQHandler
                0x08000900                TIM4_IRQHandler
                0x08000900                DMA2_Channel1_IRQHandler
                0x08000900                I2C1_EV_IRQHandler
                0x08000900                DMA1_Channel6_IRQHandler
                0x08000900                UART4_IRQHandler
                0x08000900                RCC_IRQHandler
                0x08000900                TIM1_TRG_COM_IRQHandler
                0x08000900                DMA1_Channel1_IRQHandler
                0x08000900                Default_Handler
                0x08000900                EXTI15_10_IRQHandler
                0x08000900                TIM7_IRQHandler
                0x08000900                TIM5_IRQHandler
                0x08000900                EXTI9_5_IRQHandler
                0x08000900                SPI2_IRQHandler
                0x08000900                DMA1_Channel5_IRQHandler
                0x08000900                EXTI4_IRQHandler
                0x08000900                USB_LP_CAN1_RX0_IRQHandler
                0x08000900                USB_HP_CAN1_TX_IRQHandler
                0x08000900                DMA1_Channel3_IRQHandler
                0x08000900                FSMC_IRQHandler
                0x08000900                TIM1_UP_IRQHandler
                0x08000900                WWDG_IRQHandler
                0x08000900                TIM2_IRQHandler
                0x08000900                TIM1_BRK_IRQHandler
                0x08000900                EXTI1_IRQHandler
                0x08000900                DMA2_Channel4_5_IRQHandler
                0x08000900                USART2_IRQHandler
                0x08000900                I2C2_ER_IRQHandler
                0x08000900                DMA1_Channel2_IRQHandler
                0x08000900                TIM8_BRK_IRQHandler
                0x08000900                CAN1_SCE_IRQHandler
                0x08000900                FLASH_IRQHandler
                0x08000900                USART1_IRQHandler
                0x08000900                SPI3_IRQHandler
                0x08000900                I2C1_ER_IRQHandler
                0x08000900                USBWakeUp_IRQHandler
                0x08000900                DMA2_Channel3_IRQHandler
 *fill*         0x08000902        0x2 
 .text.HAL_Init
                0x08000904       0x2c ./Drivers/STM32F1xx_HAL_Driver/Src/stm32f1xx_hal.o
                0x08000904                HAL_Init
 .text.HAL_InitTick
                0x08000930       0x60 ./Drivers/STM32F1xx_HAL_Driver/Src/stm32f1xx_hal.o
                0x08000930                HAL_InitTick
 .text.HAL_IncTick
                0x08000990       0x24 ./Drivers/STM32F1xx_HAL_Driver/Src/stm32f1xx_hal.o
                0x08000990                HAL_IncTick
 .text.HAL_GetTick
                0x080009b4       0x14 ./Drivers/STM32F1xx_HAL_Driver/Src/stm32f1xx_hal.o
                0x080009b4                HAL_GetTick
 .text.__NVIC_SetPriorityGrouping
                0x080009c8       0x48 ./Drivers/STM32F1xx_HAL_Driver/Src/stm32f1xx_hal_cortex.o
 .text.__NVIC_GetPriorityGrouping
                0x08000a10       0x1c ./Drivers/STM32F1xx_HAL_Driver/Src/stm32f1xx_hal_cortex.o
 .text.__NVIC_EnableIRQ
                0x08000a2c       0x38 ./Drivers/STM32F1xx_HAL_Driver/Src/stm32f1xx_hal_cortex.o
 .text.__NVIC_SetPriority
                0x08000a64       0x54 ./Drivers/STM32F1xx_HAL_Driver/Src/stm32f1xx_hal_cortex.o
 .text.NVIC_EncodePriority
                0x08000ab8       0x64 ./Drivers/STM32F1xx_HAL_Driver/Src/stm32f1xx_hal_cortex.o
 .text.SysTick_Config
                0x08000b1c       0x44 ./Drivers/STM32F1xx_HAL_Driver/Src/stm32f1xx_hal_cortex.o
 .text.HAL_NVIC_SetPriorityGrouping
                0x08000b60       0x16 ./Drivers/STM32F1xx_HAL_Driver/Src/stm32f1xx_hal_cortex.o
                0x08000b60                HAL_NVIC_SetPriorityGrouping
 .text.HAL_NVIC_SetPriority
                0x08000b76       0x38 ./Drivers/STM32F1xx_HAL_Driver/Src/stm32f1xx_hal_cortex.o
                0x08000b76                HAL_NVIC_SetPriority
 .text.HAL_NVIC_EnableIRQ
                0x08000bae       0x1c ./Drivers/STM32F1xx_HAL_Driver/Src/stm32f1xx_hal_cortex.o
                0x08000bae                HAL_NVIC_EnableIRQ
 .text.HAL_SYSTICK_Config
                0x08000bca       0x18 ./Drivers/STM32F1xx_HAL_Driver/Src/stm32f1xx_hal_cortex.o
                0x08000bca                HAL_SYSTICK_Config
 *fill*         0x08000be2        0x2 
 .text.HAL_GPIO_Init
                0x08000be4      0x328 ./Drivers/STM32F1xx_HAL_Driver/Src/stm32f1xx_hal_gpio.o
                0x08000be4                HAL_GPIO_Init
 .text.HAL_GPIO_WritePin
                0x08000f0c       0x30 ./Drivers/STM32F1xx_HAL_Driver/Src/stm32f1xx_hal_gpio.o
                0x08000f0c                HAL_GPIO_WritePin
 .text.HAL_GPIO_TogglePin
                0x08000f3c       0x32 ./Drivers/STM32F1xx_HAL_Driver/Src/stm32f1xx_hal_gpio.o
                0x08000f3c                HAL_GPIO_TogglePin
 *fill*         0x08000f6e        0x2 
 .text.HAL_RCC_OscConfig
                0x08000f70      0x504 ./Drivers/STM32F1xx_HAL_Driver/Src/stm32f1xx_hal_rcc.o
                0x08000f70                HAL_RCC_OscConfig
 .text.HAL_RCC_ClockConfig
                0x08001474      0x1d4 ./Drivers/STM32F1xx_HAL_Driver/Src/stm32f1xx_hal_rcc.o
                0x08001474                HAL_RCC_ClockConfig
 .text.HAL_RCC_GetSysClockFreq
                0x08001648       0xa8 ./Drivers/STM32F1xx_HAL_Driver/Src/stm32f1xx_hal_rcc.o
                0x08001648                HAL_RCC_GetSysClockFreq
 .text.RCC_Delay
                0x080016f0       0x3c ./Drivers/STM32F1xx_HAL_Driver/Src/stm32f1xx_hal_rcc.o
 .text.HAL_SPI_Init
                0x0800172c      0x108 ./Drivers/STM32F1xx_HAL_Driver/Src/stm32f1xx_hal_spi.o
                0x0800172c                HAL_SPI_Init
 .text.HAL_TIM_Base_Init
                0x08001834       0x9e ./Drivers/STM32F1xx_HAL_Driver/Src/stm32f1xx_hal_tim.o
                0x08001834                HAL_TIM_Base_Init
 *fill*         0x080018d2        0x2 
 .text.HAL_TIM_Base_Start_IT
                0x080018d4       0xc0 ./Drivers/STM32F1xx_HAL_Driver/Src/stm32f1xx_hal_tim.o
                0x080018d4                HAL_TIM_Base_Start_IT
 .text.HAL_TIM_PWM_Init
                0x08001994       0x9e ./Drivers/STM32F1xx_HAL_Driver/Src/stm32f1xx_hal_tim.o
                0x08001994                HAL_TIM_PWM_Init
 .text.HAL_TIM_PWM_MspInit
                0x08001a32       0x12 ./Drivers/STM32F1xx_HAL_Driver/Src/stm32f1xx_hal_tim.o
                0x08001a32                HAL_TIM_PWM_MspInit
 .text.HAL_TIM_IRQHandler
                0x08001a44      0x1e0 ./Drivers/STM32F1xx_HAL_Driver/Src/stm32f1xx_hal_tim.o
                0x08001a44                HAL_TIM_IRQHandler
 .text.HAL_TIM_PWM_ConfigChannel
                0x08001c24      0x184 ./Drivers/STM32F1xx_HAL_Driver/Src/stm32f1xx_hal_tim.o
                0x08001c24                HAL_TIM_PWM_ConfigChannel
 .text.HAL_TIM_ConfigClockSource
                0x08001da8      0x18e ./Drivers/STM32F1xx_HAL_Driver/Src/stm32f1xx_hal_tim.o
                0x08001da8                HAL_TIM_ConfigClockSource
 .text.HAL_TIM_OC_DelayElapsedCallback
                0x08001f36       0x12 ./Drivers/STM32F1xx_HAL_Driver/Src/stm32f1xx_hal_tim.o
                0x08001f36                HAL_TIM_OC_DelayElapsedCallback
 .text.HAL_TIM_IC_CaptureCallback
                0x08001f48       0x12 ./Drivers/STM32F1xx_HAL_Driver/Src/stm32f1xx_hal_tim.o
                0x08001f48                HAL_TIM_IC_CaptureCallback
 .text.HAL_TIM_PWM_PulseFinishedCallback
                0x08001f5a       0x12 ./Drivers/STM32F1xx_HAL_Driver/Src/stm32f1xx_hal_tim.o
                0x08001f5a                HAL_TIM_PWM_PulseFinishedCallback
 .text.HAL_TIM_TriggerCallback
                0x08001f6c       0x12 ./Drivers/STM32F1xx_HAL_Driver/Src/stm32f1xx_hal_tim.o
                0x08001f6c                HAL_TIM_TriggerCallback
 *fill*         0x08001f7e        0x2 
 .text.TIM_Base_SetConfig
                0x08001f80      0x10c ./Drivers/STM32F1xx_HAL_Driver/Src/stm32f1xx_hal_tim.o
                0x08001f80                TIM_Base_SetConfig
 .text.TIM_OC1_SetConfig
                0x0800208c       0xe0 ./Drivers/STM32F1xx_HAL_Driver/Src/stm32f1xx_hal_tim.o
 .text.TIM_OC2_SetConfig
                0x0800216c       0xe8 ./Drivers/STM32F1xx_HAL_Driver/Src/stm32f1xx_hal_tim.o
                0x0800216c                TIM_OC2_SetConfig
 .text.TIM_OC3_SetConfig
                0x08002254       0xe8 ./Drivers/STM32F1xx_HAL_Driver/Src/stm32f1xx_hal_tim.o
 .text.TIM_OC4_SetConfig
                0x0800233c       0xa8 ./Drivers/STM32F1xx_HAL_Driver/Src/stm32f1xx_hal_tim.o
 .text.TIM_TI1_ConfigInputStage
                0x080023e4       0x5c ./Drivers/STM32F1xx_HAL_Driver/Src/stm32f1xx_hal_tim.o
 .text.TIM_TI2_ConfigInputStage
                0x08002440       0x5e ./Drivers/STM32F1xx_HAL_Driver/Src/stm32f1xx_hal_tim.o
 .text.TIM_ITRx_SetConfig
                0x0800249e       0x34 ./Drivers/STM32F1xx_HAL_Driver/Src/stm32f1xx_hal_tim.o
 .text.TIM_ETR_SetConfig
                0x080024d2       0x3e ./Drivers/STM32F1xx_HAL_Driver/Src/stm32f1xx_hal_tim.o
                0x080024d2                TIM_ETR_SetConfig
 .text.HAL_TIMEx_MasterConfigSynchronization
                0x08002510       0xd8 ./Drivers/STM32F1xx_HAL_Driver/Src/stm32f1xx_hal_tim_ex.o
                0x08002510                HAL_TIMEx_MasterConfigSynchronization
 .text.HAL_TIMEx_CommutCallback
                0x080025e8       0x12 ./Drivers/STM32F1xx_HAL_Driver/Src/stm32f1xx_hal_tim_ex.o
                0x080025e8                HAL_TIMEx_CommutCallback
 .text.HAL_TIMEx_BreakCallback
                0x080025fa       0x12 ./Drivers/STM32F1xx_HAL_Driver/Src/stm32f1xx_hal_tim_ex.o
                0x080025fa                HAL_TIMEx_BreakCallback
 .text.memset   0x0800260c       0x10 C:/ST/STM32CubeIDE_1.17.0/STM32CubeIDE/plugins/com.st.stm32cube.ide.mcu.externaltools.gnu-tools-for-stm32.12.3.rel1.win32_1.1.0.202410251130/tools/bin/../lib/gcc/arm-none-eabi/12.3.1/../../../../arm-none-eabi/lib/thumb/v7-m/nofp\libc_nano.a(libc_a-memset.o)
                0x0800260c                memset
 .text.__libc_init_array
                0x0800261c       0x48 C:/ST/STM32CubeIDE_1.17.0/STM32CubeIDE/plugins/com.st.stm32cube.ide.mcu.externaltools.gnu-tools-for-stm32.12.3.rel1.win32_1.1.0.202410251130/tools/bin/../lib/gcc/arm-none-eabi/12.3.1/../../../../arm-none-eabi/lib/thumb/v7-m/nofp\libc_nano.a(libc_a-init.o)
                0x0800261c                __libc_init_array
 *(.glue_7)
 .glue_7        0x08002664        0x0 linker stubs
 *(.glue_7t)
 .glue_7t       0x08002664        0x0 linker stubs
 *(.eh_frame)
 .eh_frame      0x08002664        0x0 C:/ST/STM32CubeIDE_1.17.0/STM32CubeIDE/plugins/com.st.stm32cube.ide.mcu.externaltools.gnu-tools-for-stm32.12.3.rel1.win32_1.1.0.202410251130/tools/bin/../lib/gcc/arm-none-eabi/12.3.1/thumb/v7-m/nofp/crtbegin.o
 *(.init)
 .init          0x08002664        0x4 C:/ST/STM32CubeIDE_1.17.0/STM32CubeIDE/plugins/com.st.stm32cube.ide.mcu.externaltools.gnu-tools-for-stm32.12.3.rel1.win32_1.1.0.202410251130/tools/bin/../lib/gcc/arm-none-eabi/12.3.1/thumb/v7-m/nofp/crti.o
                0x08002664                _init
 .init          0x08002668        0x8 C:/ST/STM32CubeIDE_1.17.0/STM32CubeIDE/plugins/com.st.stm32cube.ide.mcu.externaltools.gnu-tools-for-stm32.12.3.rel1.win32_1.1.0.202410251130/tools/bin/../lib/gcc/arm-none-eabi/12.3.1/thumb/v7-m/nofp/crtn.o
 *(.fini)
 .fini          0x08002670        0x4 C:/ST/STM32CubeIDE_1.17.0/STM32CubeIDE/plugins/com.st.stm32cube.ide.mcu.externaltools.gnu-tools-for-stm32.12.3.rel1.win32_1.1.0.202410251130/tools/bin/../lib/gcc/arm-none-eabi/12.3.1/thumb/v7-m/nofp/crti.o
                0x08002670                _fini
 .fini          0x08002674        0x8 C:/ST/STM32CubeIDE_1.17.0/STM32CubeIDE/plugins/com.st.stm32cube.ide.mcu.externaltools.gnu-tools-for-stm32.12.3.rel1.win32_1.1.0.202410251130/tools/bin/../lib/gcc/arm-none-eabi/12.3.1/thumb/v7-m/nofp/crtn.o
                0x0800267c                        . = ALIGN (0x4)
                0x0800267c                        _etext = .

.vfp11_veneer   0x0800267c        0x0
 .vfp11_veneer  0x0800267c        0x0 linker stubs

.v4_bx          0x0800267c        0x0
 .v4_bx         0x0800267c        0x0 linker stubs

.iplt           0x0800267c        0x0
 .iplt          0x0800267c        0x0 C:/ST/STM32CubeIDE_1.17.0/STM32CubeIDE/plugins/com.st.stm32cube.ide.mcu.externaltools.gnu-tools-for-stm32.12.3.rel1.win32_1.1.0.202410251130/tools/bin/../lib/gcc/arm-none-eabi/12.3.1/thumb/v7-m/nofp/crtbegin.o

.rodata         0x0800267c       0x24
                0x0800267c                        . = ALIGN (0x4)
 *(.rodata)
 *(.rodata*)
 .rodata.AHBPrescTable
                0x0800267c       0x10 ./Core/Src/system_stm32f1xx.o
                0x0800267c                AHBPrescTable
 .rodata.aPLLMULFactorTable.1
                0x0800268c       0x10 ./Drivers/STM32F1xx_HAL_Driver/Src/stm32f1xx_hal_rcc.o
 .rodata.aPredivFactorTable.0
                0x0800269c        0x2 ./Drivers/STM32F1xx_HAL_Driver/Src/stm32f1xx_hal_rcc.o
                0x080026a0                        . = ALIGN (0x4)
 *fill*         0x0800269e        0x2 

.ARM.extab      0x080026a0        0x0
                0x080026a0                        . = ALIGN (0x4)
 *(.ARM.extab* .gnu.linkonce.armextab.*)
                0x080026a0                        . = ALIGN (0x4)

.ARM            0x080026a0        0x0
                0x080026a0                        . = ALIGN (0x4)
                0x080026a0                        __exidx_start = .
 *(.ARM.exidx*)
                0x080026a0                        __exidx_end = .
                0x080026a0                        . = ALIGN (0x4)

.preinit_array  0x080026a0        0x0
                0x080026a0                        . = ALIGN (0x4)
                0x080026a0                        PROVIDE (__preinit_array_start = .)
 *(.preinit_array*)
                0x080026a0                        PROVIDE (__preinit_array_end = .)
                0x080026a0                        . = ALIGN (0x4)

.init_array     0x080026a0        0x4
                0x080026a0                        . = ALIGN (0x4)
                0x080026a0                        PROVIDE (__init_array_start = .)
 *(SORT_BY_NAME(.init_array.*))
 *(.init_array*)
 .init_array    0x080026a0        0x4 C:/ST/STM32CubeIDE_1.17.0/STM32CubeIDE/plugins/com.st.stm32cube.ide.mcu.externaltools.gnu-tools-for-stm32.12.3.rel1.win32_1.1.0.202410251130/tools/bin/../lib/gcc/arm-none-eabi/12.3.1/thumb/v7-m/nofp/crtbegin.o
                0x080026a4                        PROVIDE (__init_array_end = .)
                0x080026a4                        . = ALIGN (0x4)

.fini_array     0x080026a4        0x4
                0x080026a4                        . = ALIGN (0x4)
                [!provide]                        PROVIDE (__fini_array_start = .)
 *(SORT_BY_NAME(.fini_array.*))
 *(.fini_array*)
 .fini_array    0x080026a4        0x4 C:/ST/STM32CubeIDE_1.17.0/STM32CubeIDE/plugins/com.st.stm32cube.ide.mcu.externaltools.gnu-tools-for-stm32.12.3.rel1.win32_1.1.0.202410251130/tools/bin/../lib/gcc/arm-none-eabi/12.3.1/thumb/v7-m/nofp/crtbegin.o
                [!provide]                        PROVIDE (__fini_array_end = .)
                0x080026a8                        . = ALIGN (0x4)
                0x080026a8                        _sidata = LOADADDR (.data)

.rel.dyn        0x080026a8        0x0
 .rel.iplt      0x080026a8        0x0 C:/ST/STM32CubeIDE_1.17.0/STM32CubeIDE/plugins/com.st.stm32cube.ide.mcu.externaltools.gnu-tools-for-stm32.12.3.rel1.win32_1.1.0.202410251130/tools/bin/../lib/gcc/arm-none-eabi/12.3.1/thumb/v7-m/nofp/crtbegin.o

.data           0x20000000        0xc load address 0x080026a8
                0x20000000                        . = ALIGN (0x4)
                0x20000000                        _sdata = .
 *(.data)
 *(.data*)
 .data.SystemCoreClock
                0x20000000        0x4 ./Core/Src/system_stm32f1xx.o
                0x20000000                SystemCoreClock
 .data.uwTickPrio
                0x20000004        0x4 ./Drivers/STM32F1xx_HAL_Driver/Src/stm32f1xx_hal.o
                0x20000004                uwTickPrio
 .data.uwTickFreq
                0x20000008        0x1 ./Drivers/STM32F1xx_HAL_Driver/Src/stm32f1xx_hal.o
                0x20000008                uwTickFreq
 *(.RamFunc)
 *(.RamFunc*)
                0x2000000c                        . = ALIGN (0x4)
 *fill*         0x20000009        0x3 
                0x2000000c                        _edata = .

.igot.plt       0x2000000c        0x0 load address 0x080026b4
 .igot.plt      0x2000000c        0x0 C:/ST/STM32CubeIDE_1.17.0/STM32CubeIDE/plugins/com.st.stm32cube.ide.mcu.externaltools.gnu-tools-for-stm32.12.3.rel1.win32_1.1.0.202410251130/tools/bin/../lib/gcc/arm-none-eabi/12.3.1/thumb/v7-m/nofp/crtbegin.o
                0x2000000c                        . = ALIGN (0x4)

.bss            0x2000000c      0x118 load address 0x080026b4
                0x2000000c                        _sbss = .
                0x2000000c                        __bss_start__ = _sbss
 *(.bss)
 .bss           0x2000000c       0x1c C:/ST/STM32CubeIDE_1.17.0/STM32CubeIDE/plugins/com.st.stm32cube.ide.mcu.externaltools.gnu-tools-for-stm32.12.3.rel1.win32_1.1.0.202410251130/tools/bin/../lib/gcc/arm-none-eabi/12.3.1/thumb/v7-m/nofp/crtbegin.o
 *(.bss*)
 .bss.timer1_flag
                0x20000028        0x1 ./Core/Src/software_timer.o
                0x20000028                timer1_flag
 .bss.timer2_flag
                0x20000029        0x1 ./Core/Src/software_timer.o
                0x20000029                timer2_flag
 *fill*         0x2000002a        0x2 
 .bss.timer1_counter
                0x2000002c        0x4 ./Core/Src/software_timer.o
                0x2000002c                timer1_counter
 .bss.timer2_counter
                0x20000030        0x4 ./Core/Src/software_timer.o
                0x20000030                timer2_counter
 .bss.timer1_mul
                0x20000034        0x4 ./Core/Src/software_timer.o
                0x20000034                timer1_mul
 .bss.hspi1     0x20000038       0x58 ./Core/Src/spi.o
                0x20000038                hspi1
 .bss.htim2     0x20000090       0x48 ./Core/Src/tim.o
                0x20000090                htim2
 .bss.htim3     0x200000d8       0x48 ./Core/Src/tim.o
                0x200000d8                htim3
 .bss.uwTick    0x20000120        0x4 ./Drivers/STM32F1xx_HAL_Driver/Src/stm32f1xx_hal.o
                0x20000120                uwTick
 *(COMMON)
                0x20000124                        . = ALIGN (0x4)
                0x20000124                        _ebss = .
                0x20000124                        __bss_end__ = _ebss

._user_heap_stack
                0x20000124      0x604 load address 0x080026b4
                0x20000128                        . = ALIGN (0x8)
 *fill*         0x20000124        0x4 
                [!provide]                        PROVIDE (end = .)
                0x20000128                        PROVIDE (_end = .)
                0x20000328                        . = (. + _Min_Heap_Size)
 *fill*         0x20000128      0x200 
                0x20000728                        . = (. + _Min_Stack_Size)
 *fill*         0x20000328      0x400 
                0x20000728                        . = ALIGN (0x8)

/DISCARD/
 libc.a(*)
 libm.a(*)
 libgcc.a(*)

.ARM.attributes
                0x00000000       0x29
 *(.ARM.attributes)
 .ARM.attributes
                0x00000000       0x1d C:/ST/STM32CubeIDE_1.17.0/STM32CubeIDE/plugins/com.st.stm32cube.ide.mcu.externaltools.gnu-tools-for-stm32.12.3.rel1.win32_1.1.0.202410251130/tools/bin/../lib/gcc/arm-none-eabi/12.3.1/thumb/v7-m/nofp/crti.o
 .ARM.attributes
                0x0000001d       0x2d C:/ST/STM32CubeIDE_1.17.0/STM32CubeIDE/plugins/com.st.stm32cube.ide.mcu.externaltools.gnu-tools-for-stm32.12.3.rel1.win32_1.1.0.202410251130/tools/bin/../lib/gcc/arm-none-eabi/12.3.1/thumb/v7-m/nofp/crtbegin.o
 .ARM.attributes
                0x0000004a       0x2d ./Core/Src/gpio.o
 .ARM.attributes
                0x00000077       0x2d ./Core/Src/main.o
 .ARM.attributes
                0x000000a4       0x2d ./Core/Src/software_timer.o
 .ARM.attributes
                0x000000d1       0x2d ./Core/Src/spi.o
 .ARM.attributes
                0x000000fe       0x2d ./Core/Src/stm32f1xx_hal_msp.o
 .ARM.attributes
                0x0000012b       0x2d ./Core/Src/stm32f1xx_it.o
 .ARM.attributes
                0x00000158       0x2d ./Core/Src/system_stm32f1xx.o
 .ARM.attributes
                0x00000185       0x2d ./Core/Src/tim.o
 .ARM.attributes
                0x000001b2       0x21 ./Core/Startup/startup_stm32f103rctx.o
 .ARM.attributes
                0x000001d3       0x2d ./Drivers/STM32F1xx_HAL_Driver/Src/stm32f1xx_hal.o
 .ARM.attributes
                0x00000200       0x2d ./Drivers/STM32F1xx_HAL_Driver/Src/stm32f1xx_hal_cortex.o
 .ARM.attributes
                0x0000022d       0x2d ./Drivers/STM32F1xx_HAL_Driver/Src/stm32f1xx_hal_gpio.o
 .ARM.attributes
                0x0000025a       0x2d ./Drivers/STM32F1xx_HAL_Driver/Src/stm32f1xx_hal_rcc.o
 .ARM.attributes
                0x00000287       0x2d ./Drivers/STM32F1xx_HAL_Driver/Src/stm32f1xx_hal_spi.o
 .ARM.attributes
                0x000002b4       0x2d ./Drivers/STM32F1xx_HAL_Driver/Src/stm32f1xx_hal_tim.o
 .ARM.attributes
                0x000002e1       0x2d ./Drivers/STM32F1xx_HAL_Driver/Src/stm32f1xx_hal_tim_ex.o
 .ARM.attributes
                0x0000030e       0x2d C:/ST/STM32CubeIDE_1.17.0/STM32CubeIDE/plugins/com.st.stm32cube.ide.mcu.externaltools.gnu-tools-for-stm32.12.3.rel1.win32_1.1.0.202410251130/tools/bin/../lib/gcc/arm-none-eabi/12.3.1/../../../../arm-none-eabi/lib/thumb/v7-m/nofp\libc_nano.a(libc_a-memset.o)
 .ARM.attributes
                0x0000033b       0x2d C:/ST/STM32CubeIDE_1.17.0/STM32CubeIDE/plugins/com.st.stm32cube.ide.mcu.externaltools.gnu-tools-for-stm32.12.3.rel1.win32_1.1.0.202410251130/tools/bin/../lib/gcc/arm-none-eabi/12.3.1/../../../../arm-none-eabi/lib/thumb/v7-m/nofp\libc_nano.a(libc_a-init.o)
 .ARM.attributes
                0x00000368       0x1d C:/ST/STM32CubeIDE_1.17.0/STM32CubeIDE/plugins/com.st.stm32cube.ide.mcu.externaltools.gnu-tools-for-stm32.12.3.rel1.win32_1.1.0.202410251130/tools/bin/../lib/gcc/arm-none-eabi/12.3.1/thumb/v7-m/nofp/crtn.o
OUTPUT(BKIT_Robot.elf elf32-littlearm)
LOAD linker stubs
LOAD C:/ST/STM32CubeIDE_1.17.0/STM32CubeIDE/plugins/com.st.stm32cube.ide.mcu.externaltools.gnu-tools-for-stm32.12.3.rel1.win32_1.1.0.202410251130/tools/bin/../lib/gcc/arm-none-eabi/12.3.1/../../../../arm-none-eabi/lib/thumb/v7-m/nofp\libc.a
LOAD C:/ST/STM32CubeIDE_1.17.0/STM32CubeIDE/plugins/com.st.stm32cube.ide.mcu.externaltools.gnu-tools-for-stm32.12.3.rel1.win32_1.1.0.202410251130/tools/bin/../lib/gcc/arm-none-eabi/12.3.1/../../../../arm-none-eabi/lib/thumb/v7-m/nofp\libm.a
LOAD C:/ST/STM32CubeIDE_1.17.0/STM32CubeIDE/plugins/com.st.stm32cube.ide.mcu.externaltools.gnu-tools-for-stm32.12.3.rel1.win32_1.1.0.202410251130/tools/bin/../lib/gcc/arm-none-eabi/12.3.1/thumb/v7-m/nofp\libgcc.a

.debug_info     0x00000000     0x9ece
 .debug_info    0x00000000      0x29b ./Core/Src/gpio.o
 .debug_info    0x0000029b      0x36b ./Core/Src/main.o
 .debug_info    0x00000606      0x7a2 ./Core/Src/software_timer.o
 .debug_info    0x00000da8      0x7c8 ./Core/Src/spi.o
 .debug_info    0x00001570      0x1f1 ./Core/Src/stm32f1xx_hal_msp.o
 .debug_info    0x00001761      0x6a1 ./Core/Src/stm32f1xx_it.o
 .debug_info    0x00001e02      0x222 ./Core/Src/system_stm32f1xx.o
 .debug_info    0x00002024      0xc76 ./Core/Src/tim.o
 .debug_info    0x00002c9a       0x30 ./Core/Startup/startup_stm32f103rctx.o
 .debug_info    0x00002cca      0x76a ./Drivers/STM32F1xx_HAL_Driver/Src/stm32f1xx_hal.o
 .debug_info    0x00003434      0xaed ./Drivers/STM32F1xx_HAL_Driver/Src/stm32f1xx_hal_cortex.o
 .debug_info    0x00003f21      0x5ab ./Drivers/STM32F1xx_HAL_Driver/Src/stm32f1xx_hal_gpio.o
 .debug_info    0x000044cc      0x7d5 ./Drivers/STM32F1xx_HAL_Driver/Src/stm32f1xx_hal_rcc.o
 .debug_info    0x00004ca1     0x1439 ./Drivers/STM32F1xx_HAL_Driver/Src/stm32f1xx_hal_spi.o
 .debug_info    0x000060da     0x2959 ./Drivers/STM32F1xx_HAL_Driver/Src/stm32f1xx_hal_tim.o
 .debug_info    0x00008a33     0x149b ./Drivers/STM32F1xx_HAL_Driver/Src/stm32f1xx_hal_tim_ex.o

.debug_abbrev   0x00000000     0x1dfe
 .debug_abbrev  0x00000000      0x13f ./Core/Src/gpio.o
 .debug_abbrev  0x0000013f      0x1d6 ./Core/Src/main.o
 .debug_abbrev  0x00000315      0x207 ./Core/Src/software_timer.o
 .debug_abbrev  0x0000051c      0x1e7 ./Core/Src/spi.o
 .debug_abbrev  0x00000703       0xdb ./Core/Src/stm32f1xx_hal_msp.o
 .debug_abbrev  0x000007de      0x191 ./Core/Src/stm32f1xx_it.o
 .debug_abbrev  0x0000096f      0x13f ./Core/Src/system_stm32f1xx.o
 .debug_abbrev  0x00000aae      0x243 ./Core/Src/tim.o
 .debug_abbrev  0x00000cf1       0x24 ./Core/Startup/startup_stm32f103rctx.o
 .debug_abbrev  0x00000d15      0x201 ./Drivers/STM32F1xx_HAL_Driver/Src/stm32f1xx_hal.o
 .debug_abbrev  0x00000f16      0x2f8 ./Drivers/STM32F1xx_HAL_Driver/Src/stm32f1xx_hal_cortex.o
 .debug_abbrev  0x0000120e      0x1ca ./Drivers/STM32F1xx_HAL_Driver/Src/stm32f1xx_hal_gpio.o
 .debug_abbrev  0x000013d8      0x2b3 ./Drivers/STM32F1xx_HAL_Driver/Src/stm32f1xx_hal_rcc.o
 .debug_abbrev  0x0000168b      0x27a ./Drivers/STM32F1xx_HAL_Driver/Src/stm32f1xx_hal_spi.o
 .debug_abbrev  0x00001905      0x277 ./Drivers/STM32F1xx_HAL_Driver/Src/stm32f1xx_hal_tim.o
 .debug_abbrev  0x00001b7c      0x282 ./Drivers/STM32F1xx_HAL_Driver/Src/stm32f1xx_hal_tim_ex.o

.debug_aranges  0x00000000      0xbc0
 .debug_aranges
                0x00000000       0x20 ./Core/Src/gpio.o
 .debug_aranges
                0x00000020       0x30 ./Core/Src/main.o
 .debug_aranges
                0x00000050       0x58 ./Core/Src/software_timer.o
 .debug_aranges
                0x000000a8       0x30 ./Core/Src/spi.o
 .debug_aranges
                0x000000d8       0x20 ./Core/Src/stm32f1xx_hal_msp.o
 .debug_aranges
                0x000000f8       0x68 ./Core/Src/stm32f1xx_it.o
 .debug_aranges
                0x00000160       0x28 ./Core/Src/system_stm32f1xx.o
 .debug_aranges
                0x00000188       0x40 ./Core/Src/tim.o
 .debug_aranges
                0x000001c8       0x28 ./Core/Startup/startup_stm32f103rctx.o
 .debug_aranges
                0x000001f0       0xe0 ./Drivers/STM32F1xx_HAL_Driver/Src/stm32f1xx_hal.o
 .debug_aranges
                0x000002d0      0x100 ./Drivers/STM32F1xx_HAL_Driver/Src/stm32f1xx_hal_cortex.o
 .debug_aranges
                0x000003d0       0x58 ./Drivers/STM32F1xx_HAL_Driver/Src/stm32f1xx_hal_gpio.o
 .debug_aranges
                0x00000428       0x90 ./Drivers/STM32F1xx_HAL_Driver/Src/stm32f1xx_hal_rcc.o
 .debug_aranges
                0x000004b8      0x1d0 ./Drivers/STM32F1xx_HAL_Driver/Src/stm32f1xx_hal_spi.o
 .debug_aranges
                0x00000688      0x3d0 ./Drivers/STM32F1xx_HAL_Driver/Src/stm32f1xx_hal_tim.o
 .debug_aranges
                0x00000a58      0x168 ./Drivers/STM32F1xx_HAL_Driver/Src/stm32f1xx_hal_tim_ex.o

.debug_rnglists
                0x00000000      0x903
 .debug_rnglists
                0x00000000       0x14 ./Core/Src/gpio.o
 .debug_rnglists
                0x00000014       0x20 ./Core/Src/main.o
 .debug_rnglists
                0x00000034       0x3d ./Core/Src/software_timer.o
 .debug_rnglists
                0x00000071       0x20 ./Core/Src/spi.o
 .debug_rnglists
                0x00000091       0x13 ./Core/Src/stm32f1xx_hal_msp.o
 .debug_rnglists
                0x000000a4       0x49 ./Core/Src/stm32f1xx_it.o
 .debug_rnglists
                0x000000ed       0x1a ./Core/Src/system_stm32f1xx.o
 .debug_rnglists
                0x00000107       0x2d ./Core/Src/tim.o
 .debug_rnglists
                0x00000134       0x19 ./Core/Startup/startup_stm32f103rctx.o
 .debug_rnglists
                0x0000014d       0xa3 ./Drivers/STM32F1xx_HAL_Driver/Src/stm32f1xx_hal.o
 .debug_rnglists
                0x000001f0       0xbb ./Drivers/STM32F1xx_HAL_Driver/Src/stm32f1xx_hal_cortex.o
 .debug_rnglists
                0x000002ab       0x3f ./Drivers/STM32F1xx_HAL_Driver/Src/stm32f1xx_hal_gpio.o
 .debug_rnglists
                0x000002ea       0x6c ./Drivers/STM32F1xx_HAL_Driver/Src/stm32f1xx_hal_rcc.o
 .debug_rnglists
                0x00000356      0x16e ./Drivers/STM32F1xx_HAL_Driver/Src/stm32f1xx_hal_spi.o
 .debug_rnglists
                0x000004c4      0x31a ./Drivers/STM32F1xx_HAL_Driver/Src/stm32f1xx_hal_tim.o
 .debug_rnglists
                0x000007de      0x125 ./Drivers/STM32F1xx_HAL_Driver/Src/stm32f1xx_hal_tim_ex.o

.debug_macro    0x00000000    0x19159
 .debug_macro   0x00000000      0x1bc ./Core/Src/gpio.o
 .debug_macro   0x000001bc      0xaa8 ./Core/Src/gpio.o
 .debug_macro   0x00000c64      0x21b ./Core/Src/gpio.o
 .debug_macro   0x00000e7f       0x2e ./Core/Src/gpio.o
 .debug_macro   0x00000ead       0x22 ./Core/Src/gpio.o
 .debug_macro   0x00000ecf       0x22 ./Core/Src/gpio.o
 .debug_macro   0x00000ef1       0x8e ./Core/Src/gpio.o
 .debug_macro   0x00000f7f       0x51 ./Core/Src/gpio.o
 .debug_macro   0x00000fd0      0x103 ./Core/Src/gpio.o
 .debug_macro   0x000010d3       0x6a ./Core/Src/gpio.o
 .debug_macro   0x0000113d      0x1df ./Core/Src/gpio.o
 .debug_macro   0x0000131c       0x1c ./Core/Src/gpio.o
 .debug_macro   0x00001338       0x22 ./Core/Src/gpio.o
 .debug_macro   0x0000135a       0xbd ./Core/Src/gpio.o
 .debug_macro   0x00001417      0xd23 ./Core/Src/gpio.o
 .debug_macro   0x0000213a     0xfd8c ./Core/Src/gpio.o
 .debug_macro   0x00011ec6       0x6d ./Core/Src/gpio.o
 .debug_macro   0x00011f33     0x34a2 ./Core/Src/gpio.o
 .debug_macro   0x000153d5      0x189 ./Core/Src/gpio.o
 .debug_macro   0x0001555e       0x5c ./Core/Src/gpio.o
 .debug_macro   0x000155ba      0x5bc ./Core/Src/gpio.o
 .debug_macro   0x00015b76      0x4d5 ./Core/Src/gpio.o
 .debug_macro   0x0001604b      0x1cb ./Core/Src/gpio.o
 .debug_macro   0x00016216      0x114 ./Core/Src/gpio.o
 .debug_macro   0x0001632a      0x1ea ./Core/Src/gpio.o
 .debug_macro   0x00016514       0x27 ./Core/Src/gpio.o
 .debug_macro   0x0001653b      0x144 ./Core/Src/gpio.o
 .debug_macro   0x0001667f      0x1bc ./Core/Src/gpio.o
 .debug_macro   0x0001683b       0x30 ./Core/Src/gpio.o
 .debug_macro   0x0001686b       0x3c ./Core/Src/gpio.o
 .debug_macro   0x000168a7       0x57 ./Core/Src/gpio.o
 .debug_macro   0x000168fe       0x87 ./Core/Src/gpio.o
 .debug_macro   0x00016985      0x24f ./Core/Src/gpio.o
 .debug_macro   0x00016bd4      0x140 ./Core/Src/gpio.o
 .debug_macro   0x00016d14      0x217 ./Core/Src/gpio.o
 .debug_macro   0x00016f2b      0x8ed ./Core/Src/gpio.o
 .debug_macro   0x00017818       0xb5 ./Core/Src/gpio.o
 .debug_macro   0x000178cd       0x1c ./Core/Src/gpio.o
 .debug_macro   0x000178e9      0x1e7 ./Core/Src/main.o
 .debug_macro   0x00017ad0       0x16 ./Core/Src/main.o
 .debug_macro   0x00017ae6      0x1cb ./Core/Src/software_timer.o
 .debug_macro   0x00017cb1      0x1bc ./Core/Src/spi.o
 .debug_macro   0x00017e6d      0x1b2 ./Core/Src/stm32f1xx_hal_msp.o
 .debug_macro   0x0001801f      0x1bc ./Core/Src/stm32f1xx_it.o
 .debug_macro   0x000181db      0x1a3 ./Core/Src/system_stm32f1xx.o
 .debug_macro   0x0001837e      0x1bc ./Core/Src/tim.o
 .debug_macro   0x0001853a      0x1c7 ./Drivers/STM32F1xx_HAL_Driver/Src/stm32f1xx_hal.o
 .debug_macro   0x00018701      0x1a3 ./Drivers/STM32F1xx_HAL_Driver/Src/stm32f1xx_hal_cortex.o
 .debug_macro   0x000188a4      0x20e ./Drivers/STM32F1xx_HAL_Driver/Src/stm32f1xx_hal_gpio.o
 .debug_macro   0x00018ab2      0x1b5 ./Drivers/STM32F1xx_HAL_Driver/Src/stm32f1xx_hal_rcc.o
 .debug_macro   0x00018c67      0x1ab ./Drivers/STM32F1xx_HAL_Driver/Src/stm32f1xx_hal_spi.o
 .debug_macro   0x00018e12      0x1a4 ./Drivers/STM32F1xx_HAL_Driver/Src/stm32f1xx_hal_tim.o
 .debug_macro   0x00018fb6      0x1a3 ./Drivers/STM32F1xx_HAL_Driver/Src/stm32f1xx_hal_tim_ex.o

.debug_line     0x00000000     0xd776
 .debug_line    0x00000000      0x717 ./Core/Src/gpio.o
 .debug_line    0x00000717      0x7a4 ./Core/Src/main.o
 .debug_line    0x00000ebb      0x7f7 ./Core/Src/software_timer.o
 .debug_line    0x000016b2      0x773 ./Core/Src/spi.o
 .debug_line    0x00001e25      0x6fc ./Core/Src/stm32f1xx_hal_msp.o
 .debug_line    0x00002521      0x7d6 ./Core/Src/stm32f1xx_it.o
 .debug_line    0x00002cf7      0x77a ./Core/Src/system_stm32f1xx.o
 .debug_line    0x00003471      0x827 ./Core/Src/tim.o
 .debug_line    0x00003c98       0x79 ./Core/Startup/startup_stm32f103rctx.o
 .debug_line    0x00003d11      0x9a7 ./Drivers/STM32F1xx_HAL_Driver/Src/stm32f1xx_hal.o
 .debug_line    0x000046b8      0xb93 ./Drivers/STM32F1xx_HAL_Driver/Src/stm32f1xx_hal_cortex.o
 .debug_line    0x0000524b      0xa68 ./Drivers/STM32F1xx_HAL_Driver/Src/stm32f1xx_hal_gpio.o
 .debug_line    0x00005cb3      0xdb0 ./Drivers/STM32F1xx_HAL_Driver/Src/stm32f1xx_hal_rcc.o
 .debug_line    0x00006a63     0x1ccb ./Drivers/STM32F1xx_HAL_Driver/Src/stm32f1xx_hal_spi.o
 .debug_line    0x0000872e     0x36ec ./Drivers/STM32F1xx_HAL_Driver/Src/stm32f1xx_hal_tim.o
 .debug_line    0x0000be1a     0x195c ./Drivers/STM32F1xx_HAL_Driver/Src/stm32f1xx_hal_tim_ex.o

.debug_str      0x00000000    0x9421a
 .debug_str     0x00000000    0x90f01 ./Core/Src/gpio.o
                              0x912f2 (size before relaxing)
 .debug_str     0x00090f01      0x275 ./Core/Src/main.o
                              0x91493 (size before relaxing)
 .debug_str     0x00091176      0x50d ./Core/Src/software_timer.o
                              0x91835 (size before relaxing)
 .debug_str     0x00091683      0x229 ./Core/Src/spi.o
                              0x91709 (size before relaxing)
 .debug_str     0x000918ac       0x5a ./Core/Src/stm32f1xx_hal_msp.o
                              0x9127a (size before relaxing)
 .debug_str     0x00091906       0xec ./Core/Src/stm32f1xx_it.o
                              0x91780 (size before relaxing)
 .debug_str     0x000919f2       0x7e ./Core/Src/system_stm32f1xx.o
                              0x9123b (size before relaxing)
 .debug_str     0x00091a70      0x532 ./Core/Src/tim.o
                              0x91da5 (size before relaxing)
 .debug_str     0x00091fa2       0x44 ./Core/Startup/startup_stm32f103rctx.o
                                 0x6d (size before relaxing)
 .debug_str     0x00091fe6      0x384 ./Drivers/STM32F1xx_HAL_Driver/Src/stm32f1xx_hal.o
                              0x91a52 (size before relaxing)
 .debug_str     0x0009236a      0x294 ./Drivers/STM32F1xx_HAL_Driver/Src/stm32f1xx_hal_cortex.o
                              0x9199e (size before relaxing)
 .debug_str     0x000925fe      0x2d3 ./Drivers/STM32F1xx_HAL_Driver/Src/stm32f1xx_hal_gpio.o
                              0x915c1 (size before relaxing)
 .debug_str     0x000928d1      0x229 ./Drivers/STM32F1xx_HAL_Driver/Src/stm32f1xx_hal_rcc.o
                              0x9166a (size before relaxing)
 .debug_str     0x00092afa      0x56b ./Drivers/STM32F1xx_HAL_Driver/Src/stm32f1xx_hal_spi.o
                              0x91b67 (size before relaxing)
 .debug_str     0x00093065      0xd22 ./Drivers/STM32F1xx_HAL_Driver/Src/stm32f1xx_hal_tim.o
                              0x9266c (size before relaxing)
 .debug_str     0x00093d87      0x493 ./Drivers/STM32F1xx_HAL_Driver/Src/stm32f1xx_hal_tim_ex.o
                              0x91e78 (size before relaxing)

.comment        0x00000000       0x43
 .comment       0x00000000       0x43 ./Core/Src/gpio.o
                                 0x44 (size before relaxing)
 .comment       0x00000043       0x44 ./Core/Src/main.o
 .comment       0x00000043       0x44 ./Core/Src/software_timer.o
 .comment       0x00000043       0x44 ./Core/Src/spi.o
 .comment       0x00000043       0x44 ./Core/Src/stm32f1xx_hal_msp.o
 .comment       0x00000043       0x44 ./Core/Src/stm32f1xx_it.o
 .comment       0x00000043       0x44 ./Core/Src/system_stm32f1xx.o
 .comment       0x00000043       0x44 ./Core/Src/tim.o
 .comment       0x00000043       0x44 ./Drivers/STM32F1xx_HAL_Driver/Src/stm32f1xx_hal.o
 .comment       0x00000043       0x44 ./Drivers/STM32F1xx_HAL_Driver/Src/stm32f1xx_hal_cortex.o
 .comment       0x00000043       0x44 ./Drivers/STM32F1xx_HAL_Driver/Src/stm32f1xx_hal_gpio.o
 .comment       0x00000043       0x44 ./Drivers/STM32F1xx_HAL_Driver/Src/stm32f1xx_hal_rcc.o
 .comment       0x00000043       0x44 ./Drivers/STM32F1xx_HAL_Driver/Src/stm32f1xx_hal_spi.o
 .comment       0x00000043       0x44 ./Drivers/STM32F1xx_HAL_Driver/Src/stm32f1xx_hal_tim.o
 .comment       0x00000043       0x44 ./Drivers/STM32F1xx_HAL_Driver/Src/stm32f1xx_hal_tim_ex.o

.debug_frame    0x00000000     0x2fcc
 .debug_frame   0x00000000       0x34 ./Core/Src/gpio.o
 .debug_frame   0x00000034       0x68 ./Core/Src/main.o
 .debug_frame   0x0000009c      0x128 ./Core/Src/software_timer.o
 .debug_frame   0x000001c4       0x74 ./Core/Src/spi.o
 .debug_frame   0x00000238       0x38 ./Core/Src/stm32f1xx_hal_msp.o
 .debug_frame   0x00000270      0x120 ./Core/Src/stm32f1xx_it.o
 .debug_frame   0x00000390       0x58 ./Core/Src/system_stm32f1xx.o
 .debug_frame   0x000003e8       0xc4 ./Core/Src/tim.o
 .debug_frame   0x000004ac      0x334 ./Drivers/STM32F1xx_HAL_Driver/Src/stm32f1xx_hal.o
 .debug_frame   0x000007e0      0x428 ./Drivers/STM32F1xx_HAL_Driver/Src/stm32f1xx_hal_cortex.o
 .debug_frame   0x00000c08      0x14c ./Drivers/STM32F1xx_HAL_Driver/Src/stm32f1xx_hal_gpio.o
 .debug_frame   0x00000d54      0x218 ./Drivers/STM32F1xx_HAL_Driver/Src/stm32f1xx_hal_rcc.o
 .debug_frame   0x00000f6c      0x824 ./Drivers/STM32F1xx_HAL_Driver/Src/stm32f1xx_hal_spi.o
 .debug_frame   0x00001790     0x11b8 ./Drivers/STM32F1xx_HAL_Driver/Src/stm32f1xx_hal_tim.o
 .debug_frame   0x00002948      0x638 ./Drivers/STM32F1xx_HAL_Driver/Src/stm32f1xx_hal_tim_ex.o
 .debug_frame   0x00002f80       0x20 C:/ST/STM32CubeIDE_1.17.0/STM32CubeIDE/plugins/com.st.stm32cube.ide.mcu.externaltools.gnu-tools-for-stm32.12.3.rel1.win32_1.1.0.202410251130/tools/bin/../lib/gcc/arm-none-eabi/12.3.1/../../../../arm-none-eabi/lib/thumb/v7-m/nofp\libc_nano.a(libc_a-memset.o)
 .debug_frame   0x00002fa0       0x2c C:/ST/STM32CubeIDE_1.17.0/STM32CubeIDE/plugins/com.st.stm32cube.ide.mcu.externaltools.gnu-tools-for-stm32.12.3.rel1.win32_1.1.0.202410251130/tools/bin/../lib/gcc/arm-none-eabi/12.3.1/../../../../arm-none-eabi/lib/thumb/v7-m/nofp\libc_nano.a(libc_a-init.o)

.debug_line_str
                0x00000000       0x51
 .debug_line_str
                0x00000000       0x51 ./Core/Startup/startup_stm32f103rctx.o
